waechter runde=1 vorrat=4795 gesehen=1 leer=0 2026-09-04T17:49:06Z
waechter runde=2 vorrat=4124 gesehen=1 leer=0 2026-09-04T17:54:06Z
waechter runde=3 vorrat=3443 gesehen=1 leer=0 2026-09-04T17:59:06Z
waechter runde=4 vorrat=3311 gesehen=1 leer=0 2026-09-04T18:04:07Z
waechter runde=5 vorrat=3690 gesehen=1 leer=0 2026-09-04T18:09:07Z
waechter runde=6 vorrat=4067 gesehen=1 leer=0 2026-09-04T18:14:07Z
waechter runde=7 vorrat=4462 gesehen=1 leer=0 2026-09-04T18:19:07Z
waechter runde=8 vorrat=4762 gesehen=1 leer=0 2026-09-04T18:24:07Z
waechter runde=9 vorrat=5146 gesehen=1 leer=0 2026-09-04T18:29:07Z
waechter runde=10 vorrat=5539 gesehen=1 leer=0 2026-09-04T18:34:07Z
waechter runde=11 vorrat=5882 gesehen=1 leer=0 2026-09-04T18:39:07Z
waechter runde=12 vorrat=6187 gesehen=1 leer=0 2026-09-04T18:44:07Z
waechter runde=13 vorrat=6546 gesehen=1 leer=0 2026-09-04T18:49:07Z
waechter runde=14 vorrat=6933 gesehen=1 leer=0 2026-09-04T18:54:07Z
waechter runde=15 vorrat=7283 gesehen=1 leer=0 2026-09-04T18:59:07Z
waechter runde=16 vorrat=7644 gesehen=1 leer=0 2026-09-04T19:04:07Z
waechter runde=17 vorrat=8033 gesehen=1 leer=0 2026-09-04T19:09:07Z
waechter runde=18 vorrat=8393 gesehen=1 leer=0 2026-09-04T19:14:07Z
waechter runde=19 vorrat=8737 gesehen=1 leer=0 2026-09-04T19:19:07Z
waechter runde=20 vorrat=9097 gesehen=1 leer=0 2026-09-04T19:24:07Z
waechter runde=21 vorrat=9453 gesehen=1 leer=0 2026-09-04T19:29:07Z
waechter runde=22 vorrat=9855 gesehen=1 leer=0 2026-09-04T19:34:07Z
waechter runde=23 vorrat=10271 gesehen=1 leer=0 2026-09-04T19:39:07Z
waechter runde=24 vorrat=9451 gesehen=1 leer=0 2026-09-04T19:44:07Z
waechter runde=25 vorrat=9375 gesehen=1 leer=0 2026-09-04T19:49:07Z
waechter runde=26 vorrat=9375 gesehen=1 leer=0 2026-09-04T19:54:07Z
waechter runde=27 vorrat=9299 gesehen=1 leer=0 2026-09-04T19:59:07Z
waechter runde=28 vorrat=9221 gesehen=1 leer=0 2026-09-04T20:04:07Z
waechter runde=29 vorrat=9147 gesehen=1 leer=0 2026-09-04T20:09:07Z
waechter runde=30 vorrat=9085 gesehen=1 leer=0 2026-09-04T20:14:07Z
waechter runde=31 vorrat=9029 gesehen=1 leer=0 2026-09-04T20:19:07Z
waechter runde=32 vorrat=8951 gesehen=1 leer=0 2026-09-04T20:24:07Z
waechter runde=33 vorrat=8873 gesehen=1 leer=0 2026-09-04T20:29:07Z
waechter runde=34 vorrat=8815 gesehen=1 leer=0 2026-09-04T20:34:07Z
waechter runde=35 vorrat=8737 gesehen=1 leer=0 2026-09-04T20:39:07Z
waechter runde=36 vorrat=8663 gesehen=1 leer=0 2026-09-04T20:44:07Z
waechter runde=37 vorrat=8593 gesehen=1 leer=0 2026-09-04T20:49:07Z
waechter runde=38 vorrat=8519 gesehen=1 leer=0 2026-09-04T20:54:07Z
waechter runde=39 vorrat=8441 gesehen=1 leer=0 2026-09-04T20:59:08Z
waechter runde=40 vorrat=8377 gesehen=1 leer=0 2026-09-04T21:04:08Z
waechter runde=41 vorrat=8301 gesehen=1 leer=0 2026-09-04T21:09:08Z
waechter runde=42 vorrat=8225 gesehen=1 leer=0 2026-09-04T21:14:08Z
waechter runde=43 vorrat=8151 gesehen=1 leer=0 2026-09-04T21:19:08Z
waechter runde=44 vorrat=8085 gesehen=1 leer=0 2026-09-04T21:24:08Z
waechter runde=45 vorrat=8007 gesehen=1 leer=0 2026-09-04T21:29:08Z
waechter runde=46 vorrat=7939 gesehen=1 leer=0 2026-09-04T21:34:08Z
waechter runde=47 vorrat=7881 gesehen=1 leer=0 2026-09-04T21:39:08Z
waechter runde=48 vorrat=7803 gesehen=1 leer=0 2026-09-04T21:44:08Z
waechter runde=49 vorrat=7725 gesehen=1 leer=0 2026-09-04T21:49:08Z
waechter runde=50 vorrat=7647 gesehen=1 leer=0 2026-09-04T21:54:08Z
waechter runde=51 vorrat=7573 gesehen=1 leer=0 2026-09-04T21:59:08Z
waechter runde=52 vorrat=7497 gesehen=1 leer=0 2026-09-04T22:04:08Z
waechter runde=53 vorrat=7431 gesehen=1 leer=0 2026-09-04T22:09:08Z
waechter runde=54 vorrat=7355 gesehen=1 leer=0 2026-09-04T22:14:08Z
waechter runde=55 vorrat=7277 gesehen=1 leer=0 2026-09-04T22:19:08Z
waechter runde=56 vorrat=7201 gesehen=1 leer=0 2026-09-04T22:24:08Z
waechter runde=57 vorrat=7123 gesehen=1 leer=0 2026-09-04T22:29:08Z
waechter runde=58 vorrat=7047 gesehen=1 leer=0 2026-09-04T22:34:08Z
waechter runde=59 vorrat=6969 gesehen=1 leer=0 2026-09-04T22:39:08Z
waechter runde=60 vorrat=6907 gesehen=1 leer=0 2026-09-04T22:44:08Z
waechter runde=61 vorrat=6841 gesehen=1 leer=0 2026-09-04T22:49:08Z
waechter runde=62 vorrat=6779 gesehen=1 leer=0 2026-09-04T22:54:08Z
waechter runde=63 vorrat=6701 gesehen=1 leer=0 2026-09-04T22:59:08Z
waechter runde=64 vorrat=6625 gesehen=1 leer=0 2026-09-04T23:04:08Z
waechter runde=65 vorrat=6551 gesehen=1 leer=0 2026-09-04T23:09:08Z
waechter runde=66 vorrat=6487 gesehen=1 leer=0 2026-09-04T23:14:08Z
waechter runde=67 vorrat=6419 gesehen=1 leer=0 2026-09-04T23:19:08Z
waechter runde=68 vorrat=6341 gesehen=1 leer=0 2026-09-04T23:24:08Z
waechter runde=69 vorrat=6261 gesehen=1 leer=0 2026-09-04T23:29:08Z
waechter runde=70 vorrat=6187 gesehen=1 leer=0 2026-09-04T23:34:08Z
waechter runde=71 vorrat=6115 gesehen=1 leer=0 2026-09-04T23:39:08Z
waechter runde=72 vorrat=6037 gesehen=1 leer=0 2026-09-04T23:44:08Z
waechter runde=73 vorrat=5961 gesehen=1 leer=0 2026-09-04T23:49:08Z
waechter runde=74 vorrat=5883 gesehen=1 leer=0 2026-09-04T23:54:08Z
waechter runde=75 vorrat=5807 gesehen=1 leer=0 2026-09-04T23:59:08Z
waechter runde=76 vorrat=5729 gesehen=1 leer=0 2026-09-05T00:04:08Z
waechter runde=77 vorrat=5663 gesehen=1 leer=0 2026-09-05T00:09:09Z
waechter runde=78 vorrat=5591 gesehen=1 leer=0 2026-09-05T00:14:09Z
waechter runde=79 vorrat=5515 gesehen=1 leer=0 2026-09-05T00:19:09Z
waechter runde=80 vorrat=5441 gesehen=1 leer=0 2026-09-05T00:24:09Z
waechter runde=81 vorrat=5373 gesehen=1 leer=0 2026-09-05T00:29:09Z
waechter runde=82 vorrat=5295 gesehen=1 leer=0 2026-09-05T00:34:09Z
waechter runde=83 vorrat=5217 gesehen=1 leer=0 2026-09-05T00:39:09Z
waechter runde=84 vorrat=5165 gesehen=1 leer=0 2026-09-05T00:44:09Z
waechter runde=85 vorrat=5087 gesehen=1 leer=0 2026-09-05T00:49:09Z
waechter runde=86 vorrat=5011 gesehen=1 leer=0 2026-09-05T00:54:09Z
waechter runde=87 vorrat=4943 gesehen=1 leer=0 2026-09-05T00:59:09Z
waechter runde=88 vorrat=4865 gesehen=1 leer=0 2026-09-05T01:04:09Z
waechter runde=89 vorrat=4787 gesehen=1 leer=0 2026-09-05T01:09:09Z
waechter runde=90 vorrat=4709 gesehen=1 leer=0 2026-09-05T01:14:09Z
waechter runde=91 vorrat=4631 gesehen=1 leer=0 2026-09-05T01:19:09Z
waechter runde=92 vorrat=4557 gesehen=1 leer=0 2026-09-05T01:24:09Z
waechter runde=93 vorrat=4479 gesehen=1 leer=0 2026-09-05T01:29:09Z
waechter runde=94 vorrat=4405 gesehen=1 leer=0 2026-09-05T01:34:09Z
waechter runde=95 vorrat=4327 gesehen=1 leer=0 2026-09-05T01:39:09Z
waechter runde=96 vorrat=4249 gesehen=1 leer=0 2026-09-05T01:44:09Z
waechter runde=97 vorrat=4173 gesehen=1 leer=0 2026-09-05T01:49:09Z
waechter runde=98 vorrat=4119 gesehen=1 leer=0 2026-09-05T01:54:09Z
waechter runde=99 vorrat=4049 gesehen=1 leer=0 2026-09-05T01:59:09Z
waechter runde=100 vorrat=3971 gesehen=1 leer=0 2026-09-05T02:04:09Z
waechter runde=101 vorrat=3893 gesehen=1 leer=0 2026-09-05T02:09:09Z
waechter runde=102 vorrat=3815 gesehen=1 leer=0 2026-09-05T02:14:09Z
waechter runde=103 vorrat=3739 gesehen=1 leer=0 2026-09-05T02:19:09Z
waechter runde=104 vorrat=3673 gesehen=1 leer=0 2026-09-05T02:24:09Z
waechter runde=105 vorrat=3595 gesehen=1 leer=0 2026-09-05T02:29:09Z
waechter runde=106 vorrat=3521 gesehen=1 leer=0 2026-09-05T02:34:09Z
waechter runde=107 vorrat=3451 gesehen=1 leer=0 2026-09-05T02:39:09Z
waechter runde=108 vorrat=3373 gesehen=1 leer=0 2026-09-05T02:44:09Z
waechter runde=109 vorrat=3295 gesehen=1 leer=0 2026-09-05T02:49:09Z
waechter runde=110 vorrat=3219 gesehen=1 leer=0 2026-09-05T02:54:09Z
waechter runde=111 vorrat=3157 gesehen=1 leer=0 2026-09-05T02:59:09Z
waechter runde=112 vorrat=3083 gesehen=1 leer=0 2026-09-05T03:04:09Z
waechter runde=113 vorrat=3021 gesehen=1 leer=0 2026-09-05T03:09:09Z
waechter runde=114 vorrat=2967 gesehen=1 leer=0 2026-09-05T03:14:09Z
waechter runde=115 vorrat=2889 gesehen=1 leer=0 2026-09-05T03:19:10Z
waechter runde=116 vorrat=2811 gesehen=1 leer=0 2026-09-05T03:24:10Z
waechter runde=117 vorrat=2745 gesehen=1 leer=0 2026-09-05T03:29:10Z
waechter runde=118 vorrat=2667 gesehen=1 leer=0 2026-09-05T03:34:10Z
waechter runde=119 vorrat=2611 gesehen=1 leer=0 2026-09-05T03:39:10Z
waechter runde=120 vorrat=2533 gesehen=1 leer=0 2026-09-05T03:44:10Z
waechter runde=121 vorrat=2461 gesehen=1 leer=0 2026-09-05T03:49:10Z
waechter runde=122 vorrat=2395 gesehen=1 leer=0 2026-09-05T03:54:10Z
waechter runde=123 vorrat=2317 gesehen=1 leer=0 2026-09-05T03:59:10Z
waechter runde=124 vorrat=2249 gesehen=1 leer=0 2026-09-05T04:04:10Z
waechter runde=125 vorrat=2175 gesehen=1 leer=0 2026-09-05T04:09:10Z
waechter runde=126 vorrat=2097 gesehen=1 leer=0 2026-09-05T04:14:10Z
waechter runde=127 vorrat=2023 gesehen=1 leer=0 2026-09-05T04:19:10Z
waechter runde=128 vorrat=1945 gesehen=1 leer=0 2026-09-05T04:24:10Z
waechter runde=129 vorrat=1867 gesehen=1 leer=0 2026-09-05T04:29:10Z
waechter runde=130 vorrat=1795 gesehen=1 leer=0 2026-09-05T04:34:10Z
waechter runde=131 vorrat=1717 gesehen=1 leer=0 2026-09-05T04:39:10Z
waechter runde=132 vorrat=1639 gesehen=1 leer=0 2026-09-05T04:44:10Z
waechter runde=133 vorrat=1567 gesehen=1 leer=0 2026-09-05T04:49:10Z
waechter runde=134 vorrat=1489 gesehen=1 leer=0 2026-09-05T04:54:10Z
waechter runde=135 vorrat=1411 gesehen=1 leer=0 2026-09-05T04:59:10Z
waechter runde=136 vorrat=1343 gesehen=1 leer=0 2026-09-05T05:04:10Z
waechter runde=137 vorrat=1265 gesehen=1 leer=0 2026-09-05T05:09:10Z
waechter runde=138 vorrat=1193 gesehen=1 leer=0 2026-09-05T05:14:10Z
waechter runde=139 vorrat=1121 gesehen=1 leer=0 2026-09-05T05:19:10Z
waechter runde=140 vorrat=1049 gesehen=1 leer=0 2026-09-05T05:24:10Z
waechter runde=141 vorrat=971 gesehen=1 leer=0 2026-09-05T05:29:10Z
waechter runde=142 vorrat=905 gesehen=1 leer=0 2026-09-05T05:34:10Z
waechter runde=143 vorrat=831 gesehen=1 leer=0 2026-09-05T05:39:10Z
waechter runde=144 vorrat=753 gesehen=1 leer=0 2026-09-05T05:44:10Z
waechter runde=145 vorrat=679 gesehen=1 leer=0 2026-09-05T05:49:10Z
waechter runde=146 vorrat=603 gesehen=1 leer=0 2026-09-05T05:54:10Z
waechter runde=147 vorrat=543 gesehen=1 leer=0 2026-09-05T05:59:10Z
waechter runde=148 vorrat=477 gesehen=1 leer=0 2026-09-05T06:04:10Z
waechter runde=149 vorrat=417 gesehen=1 leer=0 2026-09-05T06:09:10Z
waechter runde=150 vorrat=349 gesehen=1 leer=0 2026-09-05T06:14:10Z
waechter runde=151 vorrat=293 gesehen=1 leer=0 2026-09-05T06:19:10Z
waechter runde=152 vorrat=215 gesehen=1 leer=0 2026-09-05T06:24:10Z
waechter runde=153 vorrat=151 gesehen=1 leer=0 2026-09-05T06:29:11Z
waechter runde=154 vorrat=73 gesehen=1 leer=0 2026-09-05T06:34:11Z
waechter runde=155 vorrat=5 gesehen=1 leer=0 2026-09-05T06:39:11Z
waechter runde=156 vorrat=0 gesehen=1 leer=1 2026-09-05T06:44:11Z
waechter runde=157 vorrat=0 gesehen=1 leer=2 2026-09-05T06:49:11Z
waechter runde=158 vorrat=0 gesehen=1 leer=3 2026-09-05T06:54:11Z
lauf-ende-erkannt 2026-09-05T06:54:11Z
Work stock
  scheduled            0
  handed to the worker 0

End states as Nextcloud recorded them
  indexed              0
  skipped              28
  failed               0
  indexed is counted by the backend container and never written here, so it stays 0.
  The admin settings page of Findling shows the counters of both halves side by side.

Last background job of this app: 2026-09-04 19:42:26 (671 minutes ago)
=== Beobachter beenden, damit die Abschlusszeile geschrieben wird ===
findling-rss summary samples=9421 max_anon=442695680 peak=1018101760 events=[low=0 high=0 max=0 oom=0 oom_kill=0 oom_group_kill=0 sock_throttled=14865] oom_killed=false
   9625 /home/ubuntu/work/volllauf/volllauf.csv
    161 /home/ubuntu/work/volllauf/statusseite.jsonl
   9786 total
=== OOM-Beweis, vor jedem Eingriff ===
oom-beweis 2026-09-05T06:54:19Z
container=nc_app_findling_backend id=d8cc6f6b01d391051c0cb541c7b411db2d50c68edcd77d39f87e8fabfd32dd07
cgroup=/sys/fs/cgroup/system.slice/docker-d8cc6f6b01d391051c0cb541c7b411db2d50c68edcd77d39f87e8fabfd32dd07.scope

=== 1. memory.events, jeder Zaehler ===
low 0
high 0
max 0
oom 0
oom_kill 0
oom_group_kill 0
sock_throttled 14865

=== 2. memory.peak und memory.max ===
memory.peak = 1018101760
memory.max  = 2147483648
memory.current = 430878720

=== 3. memory.stat, die Posten, aus denen die Zahl kommt ===
anon 228569088
file 182521856
kernel 19779584
anon_thp 0
slab 18295416
pgfault 402002127
pgmajfault 6058

=== 4. der Container selbst ===
OOMKilled=false Status=running ExitCode=0 RestartCount=0 StartedAt=2026-09-04T17:46:29.699651355Z
Memory=2147483648 MemorySwap=2147483648

=== dazu die Abschlusszeile des Samplers ===
findling-rss summary samples=9421 max_anon=442695680 peak=1018101760 events=[low=0 high=0 max=0 oom=0 oom_kill=0 oom_group_kill=0 sock_throttled=14865] oom_killed=false

=== und der Bestand des Datentraegers ===
/dev/root        38G  2.8G   35G   8% /
/dev/nvme1n1     59G   26G   31G  46% /mnt/findling
14-OOM-BEWEIS-FERTIG
13B-WAECHTER-FERTIG
