abbild-start 2026-09-05T08:27:41Z
#7 DONE 0.3s

#8 exporting to image
#8 exporting layers
#8 exporting layers 0.2s done
#8 exporting manifest sha256:411cdb98e51812d834309dafbc0bd2a8062567583f4cfcab5a0426edb4e10137 0.0s done
#8 exporting config sha256:fcdfeec6819c954ce27c438b9debfff9cd334dc273a3b9d6354b77c52ead57de 0.0s done
#8 exporting attestation manifest sha256:149bdd2b3e249cabcd398acb8582eb6ad49ead91da3510117ad24533eda410b6 0.0s done
#8 exporting manifest list sha256:b0c3d9a1481d71c8b75b6a09f76fb53111b9c773900e5fb680bd387747331d6b 0.0s done
#8 naming to localhost:5000/findling_backend:05-21-arm-wegwerf-workers2 done
#8 unpacking to localhost:5000/findling_backend:05-21-arm-wegwerf-workers2 0.1s done
#8 DONE 0.3s
=== Gegenprobe: die eine geaenderte Zeile, in beiden Abbildern ===
--- localhost:5000/findling_backend:05-21-arm
57:INDEX_WORKERS = 1
--- localhost:5000/findling_backend:05-21-arm-wegwerf-workers2
57:INDEX_WORKERS = 2
=== Gegenprobe: welche Dateien sich unterscheiden ===
localhost:5000/findling_backend:05-21-arm
  Baumhash aller Python-Dateien:      775a1559bb67fe04ddab9806c146accc63d0dcdbcae412d3497e6d750cb7d70a
  derselbe Hash ohne config.py:       fa390f3addee6ba80446d455d62efa3c475bac4ee9f0725f946c48f3591da2b4
localhost:5000/findling_backend:05-21-arm-wegwerf-workers2
  Baumhash aller Python-Dateien:      2e02e7852b5387135970380a36bec9faab58878689a4521d7c91da836b9db445
  derselbe Hash ohne config.py:       fa390f3addee6ba80446d455d62efa3c475bac4ee9f0725f946c48f3591da2b4
8e4c28ff9b86: Layer already exists
f800597f6cdd: Layer already exists
05-21-arm-wegwerf-workers2: digest: sha256:b0c3d9a1481d71c8b75b6a09f76fb53111b9c773900e5fb680bd387747331d6b size: 856
abbild-ende 2026-09-05T08:27:44Z
